Archive member included because of file (symbol)

c:/avr/atmel/avr tools/avr toolchain/bin/../lib/gcc/avr/4.5.1/avr5\libgcc.a(_exit.o)
                              c:/avr/atmel/avr tools/avr toolchain/bin/../lib/gcc/avr/4.5.1/../../../../avr/lib/avr5/crtm16.o (exit)
c:/avr/atmel/avr tools/avr toolchain/bin/../lib/gcc/avr/4.5.1/avr5\libgcc.a(_copy_data.o)
                              Djonny2.o (__do_copy_data)
c:/avr/atmel/avr tools/avr toolchain/bin/../lib/gcc/avr/4.5.1/avr5\libgcc.a(_clear_bss.o)
                              Djonny2.o (__do_clear_bss)

Allocating common symbols
Common symbol       size              file

pBuf                0x2               Djonny2.o
ADC_value           0x2               Djonny2.o
value               0x2               Djonny2.o

Memory Configuration

Name             Origin             Length             Attributes
text             0x00000000         0x00020000         xr
data             0x00800060         0x0000ffa0         rw !x
eeprom           0x00810000         0x00010000         rw !x
fuse             0x00820000         0x00000400         rw !x
lock             0x00830000         0x00000400         rw !x
signature        0x00840000         0x00000400         rw !x
*default*        0x00000000         0xffffffff

Linker script and memory map

LOAD c:/avr/atmel/avr tools/avr toolchain/bin/../lib/gcc/avr/4.5.1/../../../../avr/lib/avr5/crtm16.o
LOAD Djonny2.o
LOAD TIMER.o
LOAD ADC.o
LOAD lcd.o
LOAD c:/avr/atmel/avr tools/avr toolchain/bin/../lib/gcc/avr/4.5.1/avr5\libgcc.a
LOAD c:/avr/atmel/avr tools/avr toolchain/bin/../lib/gcc/avr/4.5.1/../../../../avr/lib/avr5\libc.a
LOAD c:/avr/atmel/avr tools/avr toolchain/bin/../lib/gcc/avr/4.5.1/avr5\libgcc.a

.hash
 *(.hash)

.dynsym
 *(.dynsym)

.dynstr
 *(.dynstr)

.gnu.version
 *(.gnu.version)

.gnu.version_d
 *(.gnu.version_d)

.gnu.version_r
 *(.gnu.version_r)

.rel.init
 *(.rel.init)

.rela.init
 *(.rela.init)

.rel.text
 *(.rel.text)
 *(.rel.text.*)
 *(.rel.gnu.linkonce.t*)

.rela.text
 *(.rela.text)
 *(.rela.text.*)
 *(.rela.gnu.linkonce.t*)

.rel.fini
 *(.rel.fini)

.rela.fini
 *(.rela.fini)

.rel.rodata
 *(.rel.rodata)
 *(.rel.rodata.*)
 *(.rel.gnu.linkonce.r*)

.rela.rodata
 *(.rela.rodata)
 *(.rela.rodata.*)
 *(.rela.gnu.linkonce.r*)

.rel.data
 *(.rel.data)
 *(.rel.data.*)
 *(.rel.gnu.linkonce.d*)

.rela.data
 *(.rela.data)
 *(.rela.data.*)
 *(.rela.gnu.linkonce.d*)

.rel.ctors
 *(.rel.ctors)

.rela.ctors
 *(.rela.ctors)

.rel.dtors
 *(.rel.dtors)

.rela.dtors
 *(.rela.dtors)

.rel.got
 *(.rel.got)

.rela.got
 *(.rela.got)

.rel.bss
 *(.rel.bss)

.rela.bss
 *(.rela.bss)

.rel.plt
 *(.rel.plt)

.rela.plt
 *(.rela.plt)

.text           0x00000000      0x912
 *(.vectors)
 .vectors       0x00000000       0x54 c:/avr/atmel/avr tools/avr toolchain/bin/../lib/gcc/avr/4.5.1/../../../../avr/lib/avr5/crtm16.o
                0x00000000                __vector_default
                0x00000000                __vectors
 *(.vectors)
 *(.progmem.gcc*)
 *(.progmem*)
 .progmem.data  0x00000054       0x40 lcd.o
                0x00000094                . = ALIGN (0x2)
                0x00000094                __trampolines_start = .
 *(.trampolines)
 .trampolines   0x00000094        0x0 linker stubs
 *(.trampolines*)
                0x00000094                __trampolines_end = .
 *(.jumptables)
 *(.jumptables*)
 *(.lowtext)
 *(.lowtext*)
                0x00000094                __ctors_start = .
 *(.ctors)
                0x00000094                __ctors_end = .
                0x00000094                __dtors_start = .
 *(.dtors)
                0x00000094                __dtors_end = .
 SORT(*)(.ctors)
 SORT(*)(.dtors)
 *(.init0)
 .init0         0x00000094        0x0 c:/avr/atmel/avr tools/avr toolchain/bin/../lib/gcc/avr/4.5.1/../../../../avr/lib/avr5/crtm16.o
                0x00000094                __init
 *(.init0)
 *(.init1)
 *(.init1)
 *(.init2)
 .init2         0x00000094        0xc c:/avr/atmel/avr tools/avr toolchain/bin/../lib/gcc/avr/4.5.1/../../../../avr/lib/avr5/crtm16.o
 *(.init2)
 *(.init3)
 *(.init3)
 *(.init4)
 .init4         0x000000a0       0x16 c:/avr/atmel/avr tools/avr toolchain/bin/../lib/gcc/avr/4.5.1/avr5\libgcc.a(_copy_data.o)
                0x000000a0                __do_copy_data
 .init4         0x000000b6       0x10 c:/avr/atmel/avr tools/avr toolchain/bin/../lib/gcc/avr/4.5.1/avr5\libgcc.a(_clear_bss.o)
                0x000000b6                __do_clear_bss
 *(.init4)
 *(.init5)
 *(.init5)
 *(.init6)
 *(.init6)
 *(.init7)
 *(.init7)
 *(.init8)
 *(.init8)
 *(.init9)
 .init9         0x000000c6        0x8 c:/avr/atmel/avr tools/avr toolchain/bin/../lib/gcc/avr/4.5.1/../../../../avr/lib/avr5/crtm16.o
 *(.init9)
 *(.text)
 .text          0x000000ce        0x4 c:/avr/atmel/avr tools/avr toolchain/bin/../lib/gcc/avr/4.5.1/../../../../avr/lib/avr5/crtm16.o
                0x000000ce                __vector_1
                0x000000ce                __vector_12
                0x000000ce                __bad_interrupt
                0x000000ce                __vector_6
                0x000000ce                __vector_3
                0x000000ce                __vector_11
                0x000000ce                __vector_13
                0x000000ce                __vector_17
                0x000000ce                __vector_19
                0x000000ce                __vector_7
                0x000000ce                __vector_5
                0x000000ce                __vector_4
                0x000000ce                __vector_9
                0x000000ce                __vector_2
                0x000000ce                __vector_15
                0x000000ce                __vector_8
                0x000000ce                __vector_14
                0x000000ce                __vector_10
                0x000000ce                __vector_16
                0x000000ce                __vector_18
                0x000000ce                __vector_20
 .text          0x000000d2       0x8e Djonny2.o
                0x000000d2                Init_Port
                0x000000d8                LCD_DATA
                0x00000112                main
 .text          0x00000160       0x14 TIMER.o
                0x00000160                Init_TIMER0_COMP
 .text          0x00000174       0x1c ADC.o
                0x00000174                Init_ADC
 .text          0x00000190      0x77e lcd.o
                0x00000252                LCDdata
                0x00000284                LCDGotoXY
                0x00000292                LCDdataXY
                0x000002a8                LCDstringXY
                0x000002ee                LCDsendString
                0x00000316                LCDstring_of_sramXY
                0x00000348                LCDstring_of_flashXY
                0x00000376                LCDinit
                0x000003e6                LCDblank
                0x000003ee                LCDnblank
                0x000003f6                LCDclear
                0x000003fe                LCDcursor_bl
                0x00000406                LCDcursor_on
                0x0000040e                LCDcursor_vi
                0x00000416                LCDcursorOFF
                0x0000041e                LCDacr
                0x00000426                LCDacl
                0x0000042e                LCDcursorl
                0x00000436                LCDcursorr
                0x0000043e                LCDcursorln
                0x0000045a                LCDcursorrn
                0x00000476                LCDscreenl
                0x0000047e                LCDscreenr
                0x00000486                LCDscreenln
                0x000004a2                LCDscreenrn
                0x000004be                LCDscreenL
                0x000004c6                LCDscreenR
                0x000004ce                LCDresshift
                0x000004d6                BCD_GetPointerBuf
                0x000004dc                BCD_1
                0x000004ee                BCD_2
                0x0000051a                BCD_3
                0x00000560                BCD_3Int
                0x000005ac                BCD_4Int
                0x00000618                BCD_5Int
                0x000006a4                BCD_Uchar
                0x000006ea                BCD_Uint
                0x00000776                BCD_Ulong
 .text          0x0000090e        0x0 c:/avr/atmel/avr tools/avr toolchain/bin/../lib/gcc/avr/4.5.1/avr5\libgcc.a(_exit.o)
 .text          0x0000090e        0x0 c:/avr/atmel/avr tools/avr toolchain/bin/../lib/gcc/avr/4.5.1/avr5\libgcc.a(_copy_data.o)
 .text          0x0000090e        0x0 c:/avr/atmel/avr tools/avr toolchain/bin/../lib/gcc/avr/4.5.1/avr5\libgcc.a(_clear_bss.o)
                0x0000090e                . = ALIGN (0x2)
 *(.text.*)
 .text.libgcc   0x0000090e        0x0 c:/avr/atmel/avr tools/avr toolchain/bin/../lib/gcc/avr/4.5.1/avr5\libgcc.a(_exit.o)
 .text.libgcc   0x0000090e        0x0 c:/avr/atmel/avr tools/avr toolchain/bin/../lib/gcc/avr/4.5.1/avr5\libgcc.a(_copy_data.o)
 .text.libgcc   0x0000090e        0x0 c:/avr/atmel/avr tools/avr toolchain/bin/../lib/gcc/avr/4.5.1/avr5\libgcc.a(_clear_bss.o)
                0x0000090e                . = ALIGN (0x2)
 *(.fini9)
 .fini9         0x0000090e        0x0 c:/avr/atmel/avr tools/avr toolchain/bin/../lib/gcc/avr/4.5.1/avr5\libgcc.a(_exit.o)
                0x0000090e                _exit
                0x0000090e                exit
 *(.fini9)
 *(.fini8)
 *(.fini8)
 *(.fini7)
 *(.fini7)
 *(.fini6)
 *(.fini6)
 *(.fini5)
 *(.fini5)
 *(.fini4)
 *(.fini4)
 *(.fini3)
 *(.fini3)
 *(.fini2)
 *(.fini2)
 *(.fini1)
 *(.fini1)
 *(.fini0)
 .fini0         0x0000090e        0x4 c:/avr/atmel/avr tools/avr toolchain/bin/../lib/gcc/avr/4.5.1/avr5\libgcc.a(_exit.o)
 *(.fini0)
                0x00000912                _etext = .

.data           0x00800060        0xe load address 0x00000912
                0x00800060                PROVIDE (__data_start, .)
 *(.data)
 .data          0x00800060        0x0 c:/avr/atmel/avr tools/avr toolchain/bin/../lib/gcc/avr/4.5.1/../../../../avr/lib/avr5/crtm16.o
 .data          0x00800060        0xd Djonny2.o
 .data          0x0080006d        0x0 TIMER.o
 .data          0x0080006d        0x0 ADC.o
 .data          0x0080006d        0x0 lcd.o
 .data          0x0080006d        0x0 c:/avr/atmel/avr tools/avr toolchain/bin/../lib/gcc/avr/4.5.1/avr5\libgcc.a(_exit.o)
 .data          0x0080006d        0x0 c:/avr/atmel/avr tools/avr toolchain/bin/../lib/gcc/avr/4.5.1/avr5\libgcc.a(_copy_data.o)
 .data          0x0080006d        0x0 c:/avr/atmel/avr tools/avr toolchain/bin/../lib/gcc/avr/4.5.1/avr5\libgcc.a(_clear_bss.o)
 *(.data*)
 *(.rodata)
 *(.rodata*)
 *(.gnu.linkonce.d*)
                0x0080006e                . = ALIGN (0x2)
 *fill*         0x0080006d        0x1 00
                0x0080006e                _edata = .
                0x0080006e                PROVIDE (__data_end, .)

.bss            0x0080006e       0x15
                0x0080006e                PROVIDE (__bss_start, .)
 *(.bss)
 .bss           0x0080006e        0x0 c:/avr/atmel/avr tools/avr toolchain/bin/../lib/gcc/avr/4.5.1/../../../../avr/lib/avr5/crtm16.o
 .bss           0x0080006e        0x2 Djonny2.o
                0x0080006e                high_ADC
                0x0080006f                low_ADC
 .bss           0x00800070        0x0 TIMER.o
 .bss           0x00800070        0x0 ADC.o
 .bss           0x00800070        0xd lcd.o
 .bss           0x0080007d        0x0 c:/avr/atmel/avr tools/avr toolchain/bin/../lib/gcc/avr/4.5.1/avr5\libgcc.a(_exit.o)
 .bss           0x0080007d        0x0 c:/avr/atmel/avr tools/avr toolchain/bin/../lib/gcc/avr/4.5.1/avr5\libgcc.a(_copy_data.o)
 .bss           0x0080007d        0x0 c:/avr/atmel/avr tools/avr toolchain/bin/../lib/gcc/avr/4.5.1/avr5\libgcc.a(_clear_bss.o)
 *(.bss*)
 *(COMMON)
 COMMON         0x0080007d        0x6 Djonny2.o
                0x0080007d                pBuf
                0x0080007f                ADC_value
                0x00800081                value
                0x00800083                PROVIDE (__bss_end, .)
                0x00000912                __data_load_start = LOADADDR (.data)
                0x00000920                __data_load_end = (__data_load_start + SIZEOF (.data))

.noinit         0x00800083        0x0
                0x00800083                PROVIDE (__noinit_start, .)
 *(.noinit*)
                0x00800083                PROVIDE (__noinit_end, .)
                0x00800083                _end = .
                0x00800083                PROVIDE (__heap_start, .)

.eeprom         0x00810000        0x0
 *(.eeprom*)
                0x00810000                __eeprom_end = .

.fuse
 *(.fuse)
 *(.lfuse)
 *(.hfuse)
 *(.efuse)

.lock
 *(.lock*)

.signature
 *(.signature*)

.stab           0x00000000      0x6cc
 *(.stab)
 .stab          0x00000000      0x6cc c:/avr/atmel/avr tools/avr toolchain/bin/../lib/gcc/avr/4.5.1/../../../../avr/lib/avr5/crtm16.o

.stabstr        0x00000000       0x85
 *(.stabstr)
 .stabstr       0x00000000       0x85 c:/avr/atmel/avr tools/avr toolchain/bin/../lib/gcc/avr/4.5.1/../../../../avr/lib/avr5/crtm16.o

.stab.excl
 *(.stab.excl)

.stab.exclstr
 *(.stab.exclstr)

.stab.index
 *(.stab.index)

.stab.indexstr
 *(.stab.indexstr)

.comment
 *(.comment)

.debug
 *(.debug)

.line
 *(.line)

.debug_srcinfo
 *(.debug_srcinfo)

.debug_sfnames
 *(.debug_sfnames)

.debug_aranges  0x00000000       0x80
 *(.debug_aranges)
 .debug_aranges
                0x00000000       0x20 Djonny2.o
 .debug_aranges
                0x00000020       0x20 TIMER.o
 .debug_aranges
                0x00000040       0x20 ADC.o
 .debug_aranges
                0x00000060       0x20 lcd.o

.debug_pubnames
                0x00000000      0x2ff
 *(.debug_pubnames)
 .debug_pubnames
                0x00000000       0x70 Djonny2.o
 .debug_pubnames
                0x00000070       0x27 TIMER.o
 .debug_pubnames
                0x00000097       0x1f ADC.o
 .debug_pubnames
                0x000000b6      0x249 lcd.o

.debug_info     0x00000000      0xd70
 *(.debug_info)
 .debug_info    0x00000000      0x18b Djonny2.o
 .debug_info    0x0000018b       0x7e TIMER.o
 .debug_info    0x00000209       0x7e ADC.o
 .debug_info    0x00000287      0xae9 lcd.o
 *(.gnu.linkonce.wi.*)

.debug_abbrev   0x00000000      0x446
 *(.debug_abbrev)
 .debug_abbrev  0x00000000       0xe6 Djonny2.o
 .debug_abbrev  0x000000e6       0x4c TIMER.o
 .debug_abbrev  0x00000132       0x4c ADC.o
 .debug_abbrev  0x0000017e      0x2c8 lcd.o

.debug_line     0x00000000     0x123e
 *(.debug_line)
 .debug_line    0x00000000      0x16b Djonny2.o
 .debug_line    0x0000016b       0xd6 TIMER.o
 .debug_line    0x00000241      0x114 ADC.o
 .debug_line    0x00000355      0xee9 lcd.o

.debug_frame    0x00000000      0x340
 *(.debug_frame)
 .debug_frame   0x00000000       0x40 Djonny2.o
 .debug_frame   0x00000040       0x20 TIMER.o
 .debug_frame   0x00000060       0x20 ADC.o
 .debug_frame   0x00000080      0x2c0 lcd.o

.debug_str      0x00000000      0x386
 *(.debug_str)
 .debug_str     0x00000000       0xac Djonny2.o
                                 0xeb (size before relaxing)
 .debug_str     0x000000ac       0x1c TIMER.o
                                 0xb7 (size before relaxing)
 .debug_str     0x000000c8       0x12 ADC.o
                                 0xad (size before relaxing)
 .debug_str     0x000000da      0x2ac lcd.o
                                0x35c (size before relaxing)

.debug_loc      0x00000000      0xf8f
 *(.debug_loc)
 .debug_loc     0x00000000       0x28 Djonny2.o
 .debug_loc     0x00000028      0xf67 lcd.o

.debug_macinfo
 *(.debug_macinfo)
OUTPUT(Djonny2.elf elf32-avr)
LOAD linker stubs

.debug_pubtypes
                0x00000000       0x92
 .debug_pubtypes
                0x00000000       0x1e Djonny2.o
 .debug_pubtypes
                0x0000001e       0x1e TIMER.o
 .debug_pubtypes
                0x0000003c       0x1e ADC.o
 .debug_pubtypes
                0x0000005a       0x38 lcd.o
